// Jest Snapshot v1, https://goo.gl/fbAQLP

exports[`Tests on <GifExpertApp/> Should match the snapshot 1`] = `
<div>
  <h1>
     GifExpert 
    <a
      data-replace="By Jhoset"
      href="#"
    >
      <span>
        Application
      </span>
    </a>
     
  </h1>
  <form
    aria-label="form"
  >
    <input
      placeholder="Search GIFs"
      type="search"
      value=""
    />
  </form>
</div>
`;
